Microchip MPLAB XC8 Compiler V2.40

Linker command line:

-W-3 \
  --edf=C:\Program Files\Microchip\xc8\v2.40\pic\dat\20220703182018_en.msgs \
  -cn -h+dist/default/production\fisico6.X.production.sym \
  --cmf=dist/default/production\fisico6.X.production.cmf -z -Q16F887 \
  -oC:\Users\lpgp3\AppData\Local\Temp\xcAschg.4 --defsym=__MPLAB_BUILD=1 \
  --fixupoverflow=error -Mdist/default/production/fisico6.X.production.map \
  --md=C:\Users\lpgp3\AppData\Local\Temp\xcAschg.dat -E1 -ver=XC8 Compiler \
  --acfsm=1493 -ACODE=00h-07FFhx4 -ASTRCODE=00h-01FFFh -ASTRING=00h-0FFhx32 \
  -ACONST=00h-0FFhx32 -AENTRY=00h-0FFhx32 -ACOMMON=070h-07Fh \
  -ABANK0=020h-06Fh -ABANK1=0A0h-0EFh -ABANK2=0110h-016Fh \
  -ABANK3=0190h-01EFh -ARAM=020h-06Fh,0A0h-0EFh,0110h-016Fh,0190h-01EFh \
  -AABS1=020h-07Fh,0A0h-0EFh,0110h-016Fh,0190h-01EFh -ASFR0=00h-01Fh \
  -ASFR1=080h-09Fh -ASFR2=0100h-010Fh -ASFR3=0180h-018Fh \
  -ACONFIG=02007h-02008h -DCONFIG=2 -AIDLOC=02000h-02003h -DIDLOC=2 \
  -AEEDATA=00h-0FFh/02100h -peeprom_data=EEDATA -DEEDATA=2 -DCODE=2 \
  -DSTRCODE=2 -DSTRING=2 -DCONST=2 -DENTRY=2 \
  -preset_vec=00h,intentry=04h,init,end_init -ppowerup=CODE -pcinit=CODE \
  -pfunctab=ENTRY -k C:\Users\lpgp3\AppData\Local\Temp\xcAschg.o \
  dist/default/production\fisico6.X.production.o 

Object code version is 3.11

Machine type is 16F887



                Name                               Link     Load   Length Selector   Space Scale
C:\Users\lpgp3\AppData\Local\Temp\xcAschg.o
                end_init                              C        C        3        8       0
                reset_vec                             0        0        3        0       0
                config                             2007     2007        2        0       4
                idloc                              2000     2000        4        0       5
dist/default/production\fisico6.X.production.o
                cinit                                 F        F       1E        8       0
                intentry                              4        4        8        8       0
                config                             2007     2007        2        0       4
                idloc                              2000     2000        4        0       5
                text9                               5E5      5E5       55        8       0
                text8                               6D5      6D5       29        8       0
                text7                                2D       2D      345        8       0
                text6                               4A9      4A9       78        8       0
                text5                               372      372       BA        8       0
                text4                               521      521       69        8       0
                text3                               58A      58A       5B        8       0
                text2                               63A      63A       4F        8       0
                text1                               689      689       4C        8       0
                maintext                            42C      42C       7D        8       0
                cstackBANK0                          20       20       2F       20       1
                cstackCOMMON                         70       70        9       70       1
                inittext                            6FE      6FE       13        8       0
                dataBANK0                            4F       4F       10       20       1
                bssBANK0                             5F       5F        B       20       1
                bssCOMMON                            79       79        1       70       1
                idataBANK0                          711      711       10        8       0

TOTAL           Name                               Link     Load   Length     Space
        CLASS   CODE           
                end_init                              C        C        3         0
                cinit                                 F        F       1E         0
                intentry                              4        4        8         0
                reset_vec                             0        0        3         0
                text9                               5E5      5E5       55         0
                text8                               6D5      6D5       29         0
                text7                                2D       2D      345         0
                text6                               4A9      4A9       78         0
                text5                               372      372       BA         0
                text4                               521      521       69         0
                text3                               58A      58A       5B         0
                text2                               63A      63A       4F         0
                text1                               689      689       4C         0
                maintext                            42C      42C       7D         0
                inittext                            6FE      6FE       13         0
                idataBANK0                          711      711       10         0

        CLASS   STRCODE        

        CLASS   STRING         

        CLASS   CONST          

        CLASS   ENTRY          

        CLASS   COMMON         
                cstackCOMMON                         70       70        9         1
                bssCOMMON                            79       79        1         1

        CLASS   BANK0          
                cstackBANK0                          20       20       2F         1
                dataBANK0                            4F       4F       10         1
                bssBANK0                             5F       5F        B         1

        CLASS   BANK1          

        CLASS   BANK2          

        CLASS   BANK3          

        CLASS   RAM            

        CLASS   ABS1           
                abs_s1                               7E       7E        2         1

        CLASS   SFR0           

        CLASS   SFR1           

        CLASS   SFR2           

        CLASS   SFR3           

        CLASS   CONFIG         
                config                             2007     2007        2         4

        CLASS   IDLOC          
                idloc                              2000     2000        4         5

        CLASS   EEDATA         

        CLASS   STACK          



SEGMENTS        Name                           Load    Length   Top    Selector   Space  Class     Delta

                reset_vec                      000000  000003  000003         0       0  CODE        2
                intentry                       000004  00071D  000721         8       0  CODE        2
                cstackBANK0                    000020  00004A  00006A        20       1  BANK0       1
                cstackCOMMON                   000070  00000A  00007A        70       1  COMMON      1


UNUSED ADDRESS RANGES

        Name                Unused          Largest block    Delta
        BANK0            006A-006F              6           1
        BANK1            00A0-00EF             50           1
        BANK2            0110-016F             60           1
        BANK3            0190-01EF             60           1
        CODE             0003-0003              1           2
                         0721-1FFF            800
        COMMON           007A-007D              4           1
        CONST            0003-0003              1           2
                         0721-1FFF            100
        EEDATA           2100-21FF            100           2
        ENTRY            0003-0003              1           2
                         0721-1FFF            100
        RAM              006A-006F              6           1
                         00A0-00EF             50
                         0110-016F             60
                         0190-01EF             60
        SFR0             0000-001F             20           1
        SFR1             0080-009F             20           1
        SFR2             0100-010F             10           1
        SFR3             0180-018F             10           1
        STRCODE          0003-0003              1           2
                         0721-1FFF           18DF
        STRING           0003-0003              1           2
                         0721-1FFF            100

                                  Symbol Table

?__Umul8_16              cstackCOMMON 0074
?___awdiv                cstackCOMMON 0074
?___awmod                cstackCOMMON 0074
?___flmul                cstackBANK0  002A
?___fltol                cstackBANK0  0044
?___xxtofl               cstackCOMMON 0074
_ADCON0bits              (abs)        001F
_ADCON1bits              (abs)        009F
_ADC_display             bssBANK0     0064
_ADIF                    (abs)        0066
_ADRESH                  (abs)        001E
_ANSEL                   (abs)        0188
_ANSELH                  (abs)        0189
_INTCONbits              (abs)        000B
_OPTION_REGbits          (abs)        0081
_OSCCONbits              (abs)        008F
_PIE1bits                (abs)        008C
_PIR1bits                (abs)        000C
_PORTA                   (abs)        0005
_PORTB                   (abs)        0006
_PORTC                   (abs)        0007
_PORTD                   (abs)        0008
_PORTE                   (abs)        0009
_TABLA                   dataBANK0    004F
_TMR0                    (abs)        0001
_TRISA                   (abs)        0085
_TRISB                   (abs)        0086
_TRISC                   (abs)        0087
_TRISD                   (abs)        0088
_TRISE                   (abs)        0089
__Habs1                  abs1         0000
__Hbank0                 bank0        0000
__Hbank1                 bank1        0000
__Hbank2                 bank2        0000
__Hbank3                 bank3        0000
__HbssBANK0              bssBANK0     0000
__HbssCOMMON             bssCOMMON    0000
__Hcinit                 cinit        002D
__Hclrtext               clrtext      0000
__Hcode                  code         0000
__Hcommon                common       0000
__Hconfig                config       2009
__HcstackBANK0           cstackBANK0  0000
__HcstackCOMMON          cstackCOMMON 0000
__HdataBANK0             dataBANK0    0000
__Heeprom_data           eeprom_data  0000
__Hend_init              end_init     000F
__Hfunctab               functab      0000
__HidataBANK0            idataBANK0   0000
__Hidloc                 idloc        2004
__Hinit                  init         000C
__Hinittext              inittext     0000
__Hintentry              intentry     000C
__Hmaintext              maintext     0000
__Hpowerup               powerup      0000
__Hram                   ram          0000
__Hreset_vec             reset_vec    0003
__Hsfr0                  sfr0         0000
__Hsfr1                  sfr1         0000
__Hsfr2                  sfr2         0000
__Hsfr3                  sfr3         0000
__Hspace_0               (abs)        0721
__Hspace_1               (abs)        007A
__Hspace_2               (abs)        0000
__Hspace_3               (abs)        0000
__Hspace_4               (abs)        4010
__Hstack                 stack        0000
__Hstrings               strings      0000
__Htext                  text         0000
__Labs1                  abs1         0000
__Lbank0                 bank0        0000
__Lbank1                 bank1        0000
__Lbank2                 bank2        0000
__Lbank3                 bank3        0000
__LbssBANK0              bssBANK0     0000
__LbssCOMMON             bssCOMMON    0000
__Lcinit                 cinit        000F
__Lclrtext               clrtext      0000
__Lcode                  code         0000
__Lcommon                common       0000
__Lconfig                config       0000
__LcstackBANK0           cstackBANK0  0000
__LcstackCOMMON          cstackCOMMON 0000
__LdataBANK0             dataBANK0    0000
__Leeprom_data           eeprom_data  0000
__Lend_init              end_init     000C
__Lfunctab               functab      0000
__LidataBANK0            idataBANK0   0000
__Lidloc                 idloc        0000
__Linit                  init         000C
__Linittext              inittext     0000
__Lintentry              intentry     0004
__Lmaintext              maintext     0000
__Lpowerup               powerup      0000
__Lram                   ram          0000
__Lreset_vec             reset_vec    0000
__Lsfr0                  sfr0         0000
__Lsfr1                  sfr1         0000
__Lsfr2                  sfr2         0000
__Lsfr3                  sfr3         0000
__Lspace_0               (abs)        0000
__Lspace_1               (abs)        0000
__Lspace_2               (abs)        0000
__Lspace_3               (abs)        0000
__Lspace_4               (abs)        0000
__Lstack                 stack        0000
__Lstrings               strings      0000
__Ltext                  text         0000
__S0                     (abs)        0721
__S1                     (abs)        007A
__S3                     (abs)        0000
__Umul8_16               text8        06D5
__Umul8_16@multiplicand  cstackCOMMON 0074
__Umul8_16@multiplier    cstackBANK0  0024
__Umul8_16@product       cstackBANK0  0020
__Umul8_16@word_mpld     cstackBANK0  0022
___awdiv                 text4        0521
___awdiv@counter         cstackBANK0  0020
___awdiv@dividend        cstackCOMMON 0076
___awdiv@divisor         cstackCOMMON 0074
___awdiv@quotient        cstackBANK0  0022
___awdiv@sign            cstackBANK0  0021
___awmod                 text3        058A
___awmod@counter         cstackBANK0  0020
___awmod@dividend        cstackCOMMON 0076
___awmod@divisor         cstackCOMMON 0074
___awmod@sign            cstackBANK0  0021
___flmul                 text7        002D
___flmul@a               cstackBANK0  002E
___flmul@aexp            cstackBANK0  003C
___flmul@b               cstackBANK0  002A
___flmul@bexp            cstackBANK0  003D
___flmul@grs             cstackBANK0  0038
___flmul@prod            cstackBANK0  003E
___flmul@sign            cstackBANK0  0037
___flmul@temp            cstackBANK0  0042
___fltol                 text6        04A9
___fltol@exp1            cstackBANK0  004D
___fltol@f1              cstackBANK0  0044
___fltol@sign1           cstackBANK0  004C
___int_sp                stack        0000
___latbits               (abs)        0002
___sp                    stack        0000
___stackhi               (abs)        0000
___stacklo               (abs)        0000
___xxtofl                text5        0372
___xxtofl@arg            cstackBANK0  0026
___xxtofl@exp            cstackBANK0  0025
___xxtofl@sign           cstackBANK0  0024
___xxtofl@val            cstackCOMMON 0074
__end_of__Umul8_16       text8        06FE
__end_of___awdiv         text4        058A
__end_of___awmod         text3        05E5
__end_of___flmul         text7        0372
__end_of___fltol         text6        0521
__end_of___xxtofl        text5        042C
__end_of__initialization cinit        0029
__end_of_displays        text2        0689
__end_of_isr             text9        063A
__end_of_main            maintext     04A9
__end_of_setup           text1        06D5
__initialization         cinit        000F
__pbssBANK0              bssBANK0     005F
__pbssCOMMON             bssCOMMON    0079
__pcstackBANK0           cstackBANK0  0020
__pcstackCOMMON          cstackCOMMON 0070
__pdataBANK0             dataBANK0    004F
__pidataBANK0            idataBANK0   0711
__pintentry              intentry     0004
__pmaintext              maintext     042C
__ptext1                 text1        0689
__ptext2                 text2        063A
__ptext3                 text3        058A
__ptext4                 text4        0521
__ptext5                 text5        0372
__ptext6                 text6        04A9
__ptext7                 text7        002D
__ptext8                 text8        06D5
__ptext9                 text9        05E5
_bandera                 bssCOMMON    0079
_centenas                bssBANK0     0069
_decenas                 bssBANK0     0068
_display                 bssBANK0     005F
_displays                text2        063A
_isr                     text9        05E5
_main                    maintext     042C
_residuo                 bssBANK0     0066
_setup                   text1        0689
_unidades                bssBANK0     0067
_voltage                 bssBANK0     0062
btemp                    (abs)        007E
displays@numeros         cstackBANK0  0024
end_of_initialization    cinit        0029
init_fetch0              inittext     06FE
init_ram0                inittext     0702
interrupt_function       intentry     0004
intlevel0                functab      0000
intlevel1                functab      0000
intlevel2                functab      0000
intlevel3                functab      0000
intlevel4                functab      0000
intlevel5                functab      0000
reset_vec                reset_vec    0000
saved_w                  (abs)        007E
start                    init         000C
start_initialization     cinit        000F
wtemp0                   (abs)        007E


MODULE INFORMATION

Module		Function		Class		Link	Load	Size
C:\Program Files\Microchip\xc8\v2.40\pic\sources\c90\common\fltol.c
		___fltol       		CODE           	04A9	0000	120

C:\Program Files\Microchip\xc8\v2.40\pic\sources\c90\common\fltol.c estimated size: 120

C:\Program Files\Microchip\xc8\v2.40\pic\sources\c90\common\awdiv.c
		___awdiv       		CODE           	0521	0000	105

C:\Program Files\Microchip\xc8\v2.40\pic\sources\c90\common\awdiv.c estimated size: 105

C:\Program Files\Microchip\xc8\v2.40\pic\sources\c90\common\sprcmul.c
		___flmul       		CODE           	002D	0000	837

C:\Program Files\Microchip\xc8\v2.40\pic\sources\c90\common\sprcmul.c estimated size: 837

newmain.c
		_displays      		CODE           	063A	0000	79
		_main          		CODE           	042C	0000	125
		_isr           		CODE           	05E5	0000	85
		_setup         		CODE           	0689	0000	76

newmain.c estimated size: 365

C:\Program Files\Microchip\xc8\v2.40\pic\sources\c90\common\Umul8_16.c
		__Umul8_16     		CODE           	06D5	0000	41

C:\Program Files\Microchip\xc8\v2.40\pic\sources\c90\common\Umul8_16.c estimated size: 41

shared
		__initialization		CODE           	000F	0000	26

shared estimated size: 26

C:\Program Files\Microchip\xc8\v2.40\pic\sources\c90\common\awmod.c
		___awmod       		CODE           	058A	0000	91

C:\Program Files\Microchip\xc8\v2.40\pic\sources\c90\common\awmod.c estimated size: 91

C:\Program Files\Microchip\xc8\v2.40\pic\sources\c90\common\xxtofl.c
		___xxtofl      		CODE           	0372	0000	186

C:\Program Files\Microchip\xc8\v2.40\pic\sources\c90\common\xxtofl.c estimated size: 186

